// Jest Snapshot v1, https://jestjs.io/docs/snapshot-testing

exports[`EpicCompletionChart matches empty snapshot 1`] = `
<div>
  <div
    class="flex h-64 items-center justify-center rounded-lg border border-gray-200 bg-white text-sm text-gray-400"
    data-testid="epic-completion-chart-empty"
  >
    No epic data available
  </div>
</div>
`;

exports[`EpicCompletionChart matches snapshot 1`] = `
<div>
  <figure
    aria-label="Epic completion bar chart. E1: 100%, E2: 50%"
    class="rounded-lg border border-gray-200 bg-white p-4"
    data-testid="epic-completion-chart"
    role="img"
  >
    <h3
      class="mb-3 text-sm font-semibold text-gray-700"
    >
      Epic Completion
    </h3>
    <div
      aria-hidden="true"
      class="h-64"
    >
      <div
        data-chart-data="{"labels":["E1","E2"],"datasets":[{"label":"Completion %","data":[100,50],"backgroundColor":"#3B82F6","borderRadius":4}]}"
        data-chart-options="{"responsive":true,"maintainAspectRatio":false,"plugins":{"legend":{"display":false}},"scales":{"y":{"beginAtZero":true,"max":100,"ticks":{}}}}"
        data-testid="mock-bar-chart"
      />
    </div>
    <table
      class="sr-only"
    >
      <caption>
        Epic completion percentages
      </caption>
      <thead>
        <tr>
          <th>
            Epic
          </th>
          <th>
            Completion %
          </th>
        </tr>
      </thead>
      <tbody>
        <tr>
          <td>
            E1
          </td>
          <td>
            100
          </td>
        </tr>
        <tr>
          <td>
            E2
          </td>
          <td>
            50
          </td>
        </tr>
      </tbody>
    </table>
  </figure>
</div>
`;
