// Jest Snapshot v1, https://jestjs.io/docs/snapshot-testing

exports[`SessionThroughputChart matches empty snapshot 1`] = `
<div>
  <div
    class="flex h-64 items-center justify-center rounded-lg border border-gray-200 bg-white text-sm text-gray-400"
    data-testid="session-throughput-chart-empty"
  >
    No session timeline data available
  </div>
</div>
`;

exports[`SessionThroughputChart matches snapshot 1`] = `
<div>
  <div
    class="rounded-lg border border-gray-200 bg-white p-4"
    data-testid="session-throughput-chart"
  >
    <h3
      class="mb-3 text-sm font-semibold text-gray-700"
    >
      Session Throughput
    </h3>
    <div
      class="h-64"
    >
      <div
        data-chart-data="{"labels":["2026-04-01","2026-04-02","2026-04-03"],"datasets":[{"label":"Cumulative Completed","data":[4,8,16],"borderColor":"#10B981","backgroundColor":"rgba(16, 185, 129, 0.1)","fill":true,"tension":0.3},{"label":"Remaining","data":[26,22,14],"borderColor":"#6B7280","backgroundColor":"rgba(107, 114, 128, 0.1)","fill":true,"tension":0.3}]}"
        data-chart-options="{"responsive":true,"maintainAspectRatio":false,"plugins":{"legend":{"position":"bottom","labels":{"usePointStyle":true}}},"scales":{"y":{"beginAtZero":true}}}"
        data-testid="mock-line-chart"
      />
    </div>
  </div>
</div>
`;
